Archive member included to satisfy reference by file (symbol)

d:/program files/ac6/plugins/fr.ac6.mcu.externaltools.arm-none.win32_1.16.0.201807130628/tools/compiler/bin/../lib/gcc/arm-none-eabi/7.2.1/../../../../arm-none-eabi/lib/thumb/v7e-m/fpv4-sp/hard\libc.a(lib_a-errno.o)
                              src/syscalls.o (__errno)
d:/program files/ac6/plugins/fr.ac6.mcu.externaltools.arm-none.win32_1.16.0.201807130628/tools/compiler/bin/../lib/gcc/arm-none-eabi/7.2.1/../../../../arm-none-eabi/lib/thumb/v7e-m/fpv4-sp/hard\libc.a(lib_a-exit.o)
                              d:/program files/ac6/plugins/fr.ac6.mcu.externaltools.arm-none.win32_1.16.0.201807130628/tools/compiler/bin/../lib/gcc/arm-none-eabi/7.2.1/../../../../arm-none-eabi/lib/thumb/v7e-m/fpv4-sp/hard/crt0.o (exit)
d:/program files/ac6/plugins/fr.ac6.mcu.externaltools.arm-none.win32_1.16.0.201807130628/tools/compiler/bin/../lib/gcc/arm-none-eabi/7.2.1/../../../../arm-none-eabi/lib/thumb/v7e-m/fpv4-sp/hard\libc.a(lib_a-impure.o)
                              d:/program files/ac6/plugins/fr.ac6.mcu.externaltools.arm-none.win32_1.16.0.201807130628/tools/compiler/bin/../lib/gcc/arm-none-eabi/7.2.1/../../../../arm-none-eabi/lib/thumb/v7e-m/fpv4-sp/hard\libc.a(lib_a-exit.o) (_global_impure_ptr)
d:/program files/ac6/plugins/fr.ac6.mcu.externaltools.arm-none.win32_1.16.0.201807130628/tools/compiler/bin/../lib/gcc/arm-none-eabi/7.2.1/../../../../arm-none-eabi/lib/thumb/v7e-m/fpv4-sp/hard\libc.a(lib_a-init.o)
                              d:/program files/ac6/plugins/fr.ac6.mcu.externaltools.arm-none.win32_1.16.0.201807130628/tools/compiler/bin/../lib/gcc/arm-none-eabi/7.2.1/../../../../arm-none-eabi/lib/thumb/v7e-m/fpv4-sp/hard/crt0.o (__libc_init_array)
d:/program files/ac6/plugins/fr.ac6.mcu.externaltools.arm-none.win32_1.16.0.201807130628/tools/compiler/bin/../lib/gcc/arm-none-eabi/7.2.1/../../../../arm-none-eabi/lib/thumb/v7e-m/fpv4-sp/hard\libc.a(lib_a-memset.o)
                              d:/program files/ac6/plugins/fr.ac6.mcu.externaltools.arm-none.win32_1.16.0.201807130628/tools/compiler/bin/../lib/gcc/arm-none-eabi/7.2.1/../../../../arm-none-eabi/lib/thumb/v7e-m/fpv4-sp/hard/crt0.o (memset)
d:/program files/ac6/plugins/fr.ac6.mcu.externaltools.arm-none.win32_1.16.0.201807130628/tools/compiler/bin/../lib/gcc/arm-none-eabi/7.2.1/../../../../arm-none-eabi/lib/thumb/v7e-m/fpv4-sp/hard\libc.a(lib_a-__call_atexit.o)
                              d:/program files/ac6/plugins/fr.ac6.mcu.externaltools.arm-none.win32_1.16.0.201807130628/tools/compiler/bin/../lib/gcc/arm-none-eabi/7.2.1/../../../../arm-none-eabi/lib/thumb/v7e-m/fpv4-sp/hard\libc.a(lib_a-exit.o) (__call_exitprocs)
d:/program files/ac6/plugins/fr.ac6.mcu.externaltools.arm-none.win32_1.16.0.201807130628/tools/compiler/bin/../lib/gcc/arm-none-eabi/7.2.1/../../../../arm-none-eabi/lib/thumb/v7e-m/fpv4-sp/hard\libc.a(lib_a-atexit.o)
                              d:/program files/ac6/plugins/fr.ac6.mcu.externaltools.arm-none.win32_1.16.0.201807130628/tools/compiler/bin/../lib/gcc/arm-none-eabi/7.2.1/../../../../arm-none-eabi/lib/thumb/v7e-m/fpv4-sp/hard\libc.a(lib_a-__call_atexit.o) (atexit)
d:/program files/ac6/plugins/fr.ac6.mcu.externaltools.arm-none.win32_1.16.0.201807130628/tools/compiler/bin/../lib/gcc/arm-none-eabi/7.2.1/../../../../arm-none-eabi/lib/thumb/v7e-m/fpv4-sp/hard\libc.a(lib_a-fini.o)
                              d:/program files/ac6/plugins/fr.ac6.mcu.externaltools.arm-none.win32_1.16.0.201807130628/tools/compiler/bin/../lib/gcc/arm-none-eabi/7.2.1/../../../../arm-none-eabi/lib/thumb/v7e-m/fpv4-sp/hard\libc.a(lib_a-__call_atexit.o) (__libc_fini_array)
d:/program files/ac6/plugins/fr.ac6.mcu.externaltools.arm-none.win32_1.16.0.201807130628/tools/compiler/bin/../lib/gcc/arm-none-eabi/7.2.1/../../../../arm-none-eabi/lib/thumb/v7e-m/fpv4-sp/hard\libc.a(lib_a-lock.o)
                              d:/program files/ac6/plugins/fr.ac6.mcu.externaltools.arm-none.win32_1.16.0.201807130628/tools/compiler/bin/../lib/gcc/arm-none-eabi/7.2.1/../../../../arm-none-eabi/lib/thumb/v7e-m/fpv4-sp/hard\libc.a(lib_a-__call_atexit.o) (__retarget_lock_acquire_recursive)
d:/program files/ac6/plugins/fr.ac6.mcu.externaltools.arm-none.win32_1.16.0.201807130628/tools/compiler/bin/../lib/gcc/arm-none-eabi/7.2.1/../../../../arm-none-eabi/lib/thumb/v7e-m/fpv4-sp/hard\libc.a(lib_a-__atexit.o)
                              d:/program files/ac6/plugins/fr.ac6.mcu.externaltools.arm-none.win32_1.16.0.201807130628/tools/compiler/bin/../lib/gcc/arm-none-eabi/7.2.1/../../../../arm-none-eabi/lib/thumb/v7e-m/fpv4-sp/hard\libc.a(lib_a-atexit.o) (__register_exitproc)

Allocating common symbols
Common symbol       size              file

__lock___atexit_recursive_mutex
                    0x1               d:/program files/ac6/plugins/fr.ac6.mcu.externaltools.arm-none.win32_1.16.0.201807130628/tools/compiler/bin/../lib/gcc/arm-none-eabi/7.2.1/../../../../arm-none-eabi/lib/thumb/v7e-m/fpv4-sp/hard\libc.a(lib_a-lock.o)
[...]
Memory Configuration

Name             Origin             Length             Attributes
RAM              0x20000000         0x00020000         xrw
ROM              0x08000000         0x00080000         xr
*default*        0x00000000         0xffffffff

Linker script and memory map

LOAD d:/program files/ac6/plugins/fr.ac6.mcu.externaltools.arm-none.win32_1.16.0.201807130628/tools/compiler/bin/../lib/gcc/arm-none-eabi/7.2.1/thumb/v7e-m/fpv4-sp/hard/crti.o
LOAD d:/program files/ac6/plugins/fr.ac6.mcu.externaltools.arm-none.win32_1.16.0.201807130628/tools/compiler/bin/../lib/gcc/arm-none-eabi/7.2.1/thumb/v7e-m/fpv4-sp/hard/crtbegin.o
LOAD d:/program files/ac6/plugins/fr.ac6.mcu.externaltools.arm-none.win32_1.16.0.201807130628/tools/compiler/bin/../lib/gcc/arm-none-eabi/7.2.1/../../../../arm-none-eabi/lib/thumb/v7e-m/fpv4-sp/hard/crt0.o
LOAD StdPeriph_Driver/src/misc.o
LOAD StdPeriph_Driver/src/stm32f4xx_adc.o
LOAD StdPeriph_Driver/src/stm32f4xx_can.o
LOAD StdPeriph_Driver/src/stm32f4xx_cec.o
LOAD StdPeriph_Driver/src/stm32f4xx_crc.o
LOAD StdPeriph_Driver/src/stm32f4xx_cryp.o
LOAD StdPeriph_Driver/src/stm32f4xx_cryp_aes.o
LOAD StdPeriph_Driver/src/stm32f4xx_cryp_des.o
LOAD StdPeriph_Driver/src/stm32f4xx_cryp_tdes.o
LOAD StdPeriph_Driver/src/stm32f4xx_dac.o
LOAD StdPeriph_Driver/src/stm32f4xx_dbgmcu.o
LOAD StdPeriph_Driver/src/stm32f4xx_dcmi.o
LOAD StdPeriph_Driver/src/stm32f4xx_dfsdm.o
LOAD StdPeriph_Driver/src/stm32f4xx_dma.o
LOAD StdPeriph_Driver/src/stm32f4xx_dma2d.o
LOAD StdPeriph_Driver/src/stm32f4xx_dsi.o
LOAD StdPeriph_Driver/src/stm32f4xx_exti.o
LOAD StdPeriph_Driver/src/stm32f4xx_flash.o
LOAD StdPeriph_Driver/src/stm32f4xx_flash_ramfunc.o
LOAD StdPeriph_Driver/src/stm32f4xx_fmc.o
LOAD StdPeriph_Driver/src/stm32f4xx_fmip2c.o
LOAD StdPeriph_Driver/src/stm32f4xx_fsmc.o
LOAD StdPeriph_Driver/src/stm32f4xx_gpio.o
LOAD StdPeriph_Driver/src/stm32f4xx_hash.o
LOAD StdPeriph_Driver/src/stm32f4xx_hash_md5.o
LOAD StdPeriph_Driver/src/stm32f4xx_hash_sha1.o
LOAD StdPeriph_Driver/src/stm32f4xx_i2c.o
LOAD StdPeriph_Driver/src/stm32f4xx_iwdg.o
LOAD StdPeriph_Driver/src/stm32f4xx_lptim.o
LOAD StdPeriph_Driver/src/stm32f4xx_ltdc.o
LOAD StdPeriph_Driver/src/stm32f4xx_pwr.o
LOAD StdPeriph_Driver/src/stm32f4xx_qspi.o
LOAD StdPeriph_Driver/src/stm32f4xx_rcc.o
LOAD StdPeriph_Driver/src/stm32f4xx_rng.o
LOAD StdPeriph_Driver/src/stm32f4xx_rtc.o
LOAD StdPeriph_Driver/src/stm32f4xx_sai.o
LOAD StdPeriph_Driver/src/stm32f4xx_sdio.o
LOAD StdPeriph_Driver/src/stm32f4xx_spdifrx.o
LOAD StdPeriph_Driver/src/stm32f4xx_spi.o
LOAD StdPeriph_Driver/src/stm32f4xx_syscfg.o
LOAD StdPeriph_Driver/src/stm32f4xx_tim.o
LOAD StdPeriph_Driver/src/stm32f4xx_usart.o
LOAD StdPeriph_Driver/src/stm32f4xx_wwdg.o
LOAD src/data_transmission.o
LOAD src/main.o
LOAD src/syscalls.o
LOAD src/system_stm32f4xx.o
LOAD src/uart_protocol.o
LOAD startup/startup_stm32.o
LOAD d:/program files/ac6/plugins/fr.ac6.mcu.externaltools.arm-none.win32_1.16.0.201807130628/tools/compiler/bin/../lib/gcc/arm-none-eabi/7.2.1/../../../../arm-none-eabi/lib/thumb/v7e-m/fpv4-sp/hard\libm.a
START GROUP
LOAD d:/program files/ac6/plugins/fr.ac6.mcu.externaltools.arm-none.win32_1.16.0.201807130628/tools/compiler/bin/../lib/gcc/arm-none-eabi/7.2.1/thumb/v7e-m/fpv4-sp/hard\libgcc.a
LOAD d:/program files/ac6/plugins/fr.ac6.mcu.externaltools.arm-none.win32_1.16.0.201807130628/tools/compiler/bin/../lib/gcc/arm-none-eabi/7.2.1/../../../../arm-none-eabi/lib/thumb/v7e-m/fpv4-sp/hard\libc.a
END GROUP
LOAD d:/program files/ac6/plugins/fr.ac6.mcu.externaltools.arm-none.win32_1.16.0.201807130628/tools/compiler/bin/../lib/gcc/arm-none-eabi/7.2.1/thumb/v7e-m/fpv4-sp/hard/crtend.o
LOAD d:/program files/ac6/plugins/fr.ac6.mcu.externaltools.arm-none.win32_1.16.0.201807130628/tools/compiler/bin/../lib/gcc/arm-none-eabi/7.2.1/thumb/v7e-m/fpv4-sp/hard/crtn.o
                0x20020000                _estack = 0x20020000
                0x00000000                _Min_Heap_Size = 0x0
                0x00000400                _Min_Stack_Size = 0x400

.isr_vector     0x08000000      0x1c4
                0x08000000                . = ALIGN (0x4)
 *(.isr_vector)
 .isr_vector    0x08000000      0x1c4 startup/startup_stm32.o
                0x08000000                g_pfnVectors
                0x080001c4                . = ALIGN (0x4)

.text           0x080001c4     0x15cc
                0x080001c4                . = ALIGN (0x4)
 *(.text)
 .text          0x080001c4       0x40 d:/program files/ac6/plugins/fr.ac6.mcu.externaltools.arm-none.win32_1.16.0.201807130628/tools/compiler/bin/../lib/gcc/arm-none-eabi/7.2.1/thumb/v7e-m/fpv4-sp/hard/crtbegin.o
 *(.text*)
 .text.NVIC_Init
                0x08000204       0xc4 StdPeriph_Driver/src/misc.o
                0x08000204                NVIC_Init
 .text.GPIO_Init
                0x080002c8      0x11c StdPeriph_Driver/src/stm32f4xx_gpio.o
                0x080002c8                GPIO_Init
 .text.GPIO_StructInit
                0x080003e4       0x34 StdPeriph_Driver/src/stm32f4xx_gpio.o
                0x080003e4                GPIO_StructInit
 .text.GPIO_PinAFConfig
                0x08000418       0x92 StdPeriph_Driver/src/stm32f4xx_gpio.o
                0x08000418                GPIO_PinAFConfig
 *fill*         0x080004aa        0x2 
 .text.RCC_GetClocksFreq
                0x080004ac      0x150 StdPeriph_Driver/src/stm32f4xx_rcc.o
                0x080004ac                RCC_GetClocksFreq
 .text.RCC_AHB1PeriphClockCmd
                0x080005fc       0x40 StdPeriph_Driver/src/stm32f4xx_rcc.o
                0x080005fc                RCC_AHB1PeriphClockCmd
 .text.RCC_APB1PeriphClockCmd
                0x0800063c       0x40 StdPeriph_Driver/src/stm32f4xx_rcc.o
                0x0800063c                RCC_APB1PeriphClockCmd
 .text.RCC_APB2PeriphClockCmd
                0x0800067c       0x40 StdPeriph_Driver/src/stm32f4xx_rcc.o
                0x0800067c                RCC_APB2PeriphClockCmd
 .text.TIM_TimeBaseInit
                0x080006bc       0xd8 StdPeriph_Driver/src/stm32f4xx_tim.o
                0x080006bc                TIM_TimeBaseInit
 .text.TIM_TimeBaseStructInit
                0x08000794       0x34 StdPeriph_Driver/src/stm32f4xx_tim.o
                0x08000794                TIM_TimeBaseStructInit
 .text.TIM_ARRPreloadConfig
                0x080007c8       0x40 StdPeriph_Driver/src/stm32f4xx_tim.o
                0x080007c8                TIM_ARRPreloadConfig
 .text.TIM_Cmd  0x08000808       0x40 StdPeriph_Driver/src/stm32f4xx_tim.o
                0x08000808                TIM_Cmd
 .text.TIM_OC1Init
                0x08000848       0xf4 StdPeriph_Driver/src/stm32f4xx_tim.o
                0x08000848                TIM_OC1Init
 .text.TIM_OC2Init
                0x0800093c      0x110 StdPeriph_Driver/src/stm32f4xx_tim.o
                0x0800093c                TIM_OC2Init
 .text.TIM_OC3Init
                0x08000a4c      0x10c StdPeriph_Driver/src/stm32f4xx_tim.o
                0x08000a4c                TIM_OC3Init
 .text.TIM_OC4Init
                0x08000b58       0xd0 StdPeriph_Driver/src/stm32f4xx_tim.o
                0x08000b58                TIM_OC4Init
 .text.TIM_OCStructInit
                0x08000c28       0x44 StdPeriph_Driver/src/stm32f4xx_tim.o
                0x08000c28                TIM_OCStructInit
 .text.TIM_OC1PreloadConfig
                0x08000c6c       0x38 StdPeriph_Driver/src/stm32f4xx_tim.o
                0x08000c6c                TIM_OC1PreloadConfig
 .text.TIM_OC2PreloadConfig
                0x08000ca4       0x3c StdPeriph_Driver/src/stm32f4xx_tim.o
                0x08000ca4                TIM_OC2PreloadConfig
 .text.TIM_OC3PreloadConfig
                0x08000ce0       0x38 StdPeriph_Driver/src/stm32f4xx_tim.o
                0x08000ce0                TIM_OC3PreloadConfig
 .text.TIM_OC4PreloadConfig
                0x08000d18       0x3c StdPeriph_Driver/src/stm32f4xx_tim.o
                0x08000d18                TIM_OC4PreloadConfig
 .text.TIM_CtrlPWMOutputs
                0x08000d54       0x4c StdPeriph_Driver/src/stm32f4xx_tim.o
                0x08000d54                TIM_CtrlPWMOutputs
 .text.TIM_ITConfig
                0x08000da0       0x48 StdPeriph_Driver/src/stm32f4xx_tim.o
                0x08000da0                TIM_ITConfig
 .text.TIM_GetITStatus
                0x08000de8       0x54 StdPeriph_Driver/src/stm32f4xx_tim.o
                0x08000de8                TIM_GetITStatus
 .text.TIM_ClearITPendingBit
                0x08000e3c       0x22 StdPeriph_Driver/src/stm32f4xx_tim.o
                0x08000e3c                TIM_ClearITPendingBit
 *fill*         0x08000e5e        0x2 
 .text.USART_Init
                0x08000e60      0x174 StdPeriph_Driver/src/stm32f4xx_usart.o
                0x08000e60                USART_Init
 .text.USART_StructInit
                0x08000fd4       0x3a StdPeriph_Driver/src/stm32f4xx_usart.o
                0x08000fd4                USART_StructInit
 .text.USART_Cmd
                0x0800100e       0x40 StdPeriph_Driver/src/stm32f4xx_usart.o
                0x0800100e                USART_Cmd
 .text.USART_SendData
                0x0800104e       0x24 StdPeriph_Driver/src/stm32f4xx_usart.o
                0x0800104e                USART_SendData
 .text.USART_ReceiveData
                0x08001072       0x20 StdPeriph_Driver/src/stm32f4xx_usart.o
                0x08001072                USART_ReceiveData
 .text.USART_GetFlagStatus
                0x08001092       0x38 StdPeriph_Driver/src/stm32f4xx_usart.o
                0x08001092                USART_GetFlagStatus
 *fill*         0x080010ca        0x2 
 .text.send_byte
                0x080010cc       0x34 src/data_transmission.o
                0x080010cc                send_byte
 .text.send_data
                0x08001100       0x42 src/data_transmission.o
                0x08001100                send_data
 .text.receive_byte
                0x08001142       0x38 src/data_transmission.o
                0x08001142                receive_byte
 *fill*         0x0800117a        0x2 
 .text.GPIO_InitPins
                0x0800117c       0xc0 src/main.o
                0x0800117c                GPIO_InitPins
 .text.UART_InitComm
                0x0800123c       0x50 src/main.o
                0x0800123c                UART_InitComm
 .text.TIM_InitPWM
                0x0800128c      0x118 src/main.o
                0x0800128c                TIM_InitPWM
 .text.TIM1_UP_TIM10_IRQHandler
                0x080013a4       0xa8 src/main.o
                0x080013a4                TIM1_UP_TIM10_IRQHandler
 .text.main     0x0800144c       0x70 src/main.o
                0x0800144c                main
 .text.SystemInit
                0x080014bc       0x6c src/system_stm32f4xx.o
                0x080014bc                SystemInit
 .text.SetSysClock
                0x08001528       0xa0 src/system_stm32f4xx.o
 .text.Reset_Handler
                0x080015c8       0x48 startup/startup_stm32.o
                0x080015c8                Reset_Handler
 .text.Default_Handler
                0x08001610        0x2 startup/startup_stm32.o
                0x08001610                RTC_Alarm_IRQHandler
                0x08001610                EXTI2_IRQHandler
                0x08001610                TIM8_CC_IRQHandler
                0x08001610                DebugMon_Handler
                0x08001610                SPI4_IRQHandler
                0x08001610                TIM1_CC_IRQHandler
                0x08001610                DMA2_Stream5_IRQHandler
                0x08001610                HardFault_Handler
                0x08001610                DMA1_Stream5_IRQHandler
                0x08001610                SysTick_Handler
                0x08001610                PVD_IRQHandler
                0x08001610                SDIO_IRQHandler
                0x08001610                TAMP_STAMP_IRQHandler
                0x08001610                PendSV_Handler
                0x08001610                NMI_Handler
                0x08001610                CAN2_RX1_IRQHandler
                0x08001610                EXTI3_IRQHandler
                0x08001610                TIM8_TRG_COM_TIM14_IRQHandler
                0x08001610                TIM8_UP_TIM13_IRQHandler
                0x08001610                I2C3_ER_IRQHandler
                0x08001610                FMPI2C1_Event_IRQHandler
                0x08001610                EXTI0_IRQHandler
                0x08001610                I2C2_EV_IRQHandler
                0x08001610                DMA1_Stream2_IRQHandler
                0x08001610                CAN1_RX0_IRQHandler
                0x08001610                FPU_IRQHandler
                0x08001610                OTG_HS_WKUP_IRQHandler
                0x08001610                UsageFault_Handler
                0x08001610                CAN2_SCE_IRQHandler
                0x08001610                DMA2_Stream2_IRQHandler
                0x08001610                SPI1_IRQHandler
                0x08001610                TIM6_DAC_IRQHandler
                0x08001610                TIM1_BRK_TIM9_IRQHandler
                0x08001610                DCMI_IRQHandler
                0x08001610                CAN2_RX0_IRQHandler
                0x08001610                DMA2_Stream3_IRQHandler
                0x08001610                SAI2_IRQHandler
                0x08001610                USART6_IRQHandler
                0x08001610                USART3_IRQHandler
                0x08001610                CAN1_RX1_IRQHandler
                0x08001610                UART5_IRQHandler
                0x08001610                DMA2_Stream0_IRQHandler
                0x08001610                TIM4_IRQHandler
                0x08001610                QUADSPI_IRQHandler
                0x08001610                I2C1_EV_IRQHandler
                0x08001610                DMA1_Stream6_IRQHandler
                0x08001610                DMA1_Stream1_IRQHandler
                0x08001610                UART4_IRQHandler
                0x08001610                TIM3_IRQHandler
                0x08001610                RCC_IRQHandler
                0x08001610                TIM8_BRK_TIM12_IRQHandler
                0x08001610                Default_Handler
                0x08001610                CEC_IRQHandler
                0x08001610                EXTI15_10_IRQHandler
                0x08001610                ADC_IRQHandler
                0x08001610                DMA1_Stream7_IRQHandler
                0x08001610                TIM7_IRQHandler
                0x08001610                CAN2_TX_IRQHandler
                0x08001610                TIM5_IRQHandler
                0x08001610                DMA2_Stream7_IRQHandler
                0x08001610                I2C3_EV_IRQHandler
                0x08001610                EXTI9_5_IRQHandler
                0x08001610                RTC_WKUP_IRQHandler
                0x08001610                SPDIF_RX_IRQHandler
                0x08001610                SPI2_IRQHandler
                0x08001610                OTG_HS_EP1_IN_IRQHandler
                0x08001610                MemManage_Handler
                0x08001610                DMA1_Stream0_IRQHandler
                0x08001610                CAN1_TX_IRQHandler
                0x08001610                SVC_Handler
                0x08001610                EXTI4_IRQHandler
                0x08001610                OTG_HS_EP1_OUT_IRQHandler
                0x08001610                WWDG_IRQHandler
                0x08001610                TIM2_IRQHandler
                0x08001610                OTG_FS_WKUP_IRQHandler
                0x08001610                TIM1_TRG_COM_TIM11_IRQHandler
                0x08001610                OTG_HS_IRQHandler
                0x08001610                EXTI1_IRQHandler
                0x08001610                USART2_IRQHandler
                0x08001610                I2C2_ER_IRQHandler
                0x08001610                DMA2_Stream1_IRQHandler
                0x08001610                CAN1_SCE_IRQHandler
                0x08001610                FLASH_IRQHandler
                0x08001610                DMA2_Stream4_IRQHandler
                0x08001610                BusFault_Handler
                0x08001610                USART1_IRQHandler
                0x08001610                OTG_FS_IRQHandler
                0x08001610                SPI3_IRQHandler
                0x08001610                DMA1_Stream4_IRQHandler
                0x08001610                I2C1_ER_IRQHandler
                0x08001610                FMC_IRQHandler
                0x08001610                DMA2_Stream6_IRQHandler
                0x08001610                SAI1_IRQHandler
                0x08001610                DMA1_Stream3_IRQHandler
                0x08001610                FMPI2C1_Error_IRQHandler
 *fill*         0x08001612        0x2 
 .text.__libc_init_array
                0x08001614       0x48 d:/program files/ac6/plugins/fr.ac6.mcu.externaltools.arm-none.win32_1.16.0.201807130628/tools/compiler/bin/../lib/gcc/arm-none-eabi/7.2.1/../../../../arm-none-eabi/lib/thumb/v7e-m/fpv4-sp/hard\libc.a(lib_a-init.o)
                0x08001614                __libc_init_array
 .text.startup.register_fini
                0x0800165c       0x14 d:/program files/ac6/plugins/fr.ac6.mcu.externaltools.arm-none.win32_1.16.0.201807130628/tools/compiler/bin/../lib/gcc/arm-none-eabi/7.2.1/../../../../arm-none-eabi/lib/thumb/v7e-m/fpv4-sp/hard\libc.a(lib_a-__call_atexit.o)
 .text.atexit   0x08001670        0xc d:/program files/ac6/plugins/fr.ac6.mcu.externaltools.arm-none.win32_1.16.0.201807130628/tools/compiler/bin/../lib/gcc/arm-none-eabi/7.2.1/../../../../arm-none-eabi/lib/thumb/v7e-m/fpv4-sp/hard\libc.a(lib_a-atexit.o)
                0x08001670                atexit
 .text.__libc_fini_array
                0x0800167c       0x34 d:/program files/ac6/plugins/fr.ac6.mcu.externaltools.arm-none.win32_1.16.0.201807130628/tools/compiler/bin/../lib/gcc/arm-none-eabi/7.2.1/../../../../arm-none-eabi/lib/thumb/v7e-m/fpv4-sp/hard\libc.a(lib_a-fini.o)
                0x0800167c                __libc_fini_array
 .text.__retarget_lock_acquire_recursive
                0x080016b0        0x4 d:/program files/ac6/plugins/fr.ac6.mcu.externaltools.arm-none.win32_1.16.0.201807130628/tools/compiler/bin/../lib/gcc/arm-none-eabi/7.2.1/../../../../arm-none-eabi/lib/thumb/v7e-m/fpv4-sp/hard\libc.a(lib_a-lock.o)
                0x080016b0                __retarget_lock_acquire_recursive
 .text.__retarget_lock_release_recursive
                0x080016b4        0x4 d:/program files/ac6/plugins/fr.ac6.mcu.externaltools.arm-none.win32_1.16.0.201807130628/tools/compiler/bin/../lib/gcc/arm-none-eabi/7.2.1/../../../../arm-none-eabi/lib/thumb/v7e-m/fpv4-sp/hard\libc.a(lib_a-lock.o)
                0x080016b4                __retarget_lock_release_recursive
 .text.__register_exitproc
                0x080016b8       0xc0 d:/program files/ac6/plugins/fr.ac6.mcu.externaltools.arm-none.win32_1.16.0.201807130628/tools/compiler/bin/../lib/gcc/arm-none-eabi/7.2.1/../../../../arm-none-eabi/lib/thumb/v7e-m/fpv4-sp/hard\libc.a(lib_a-__atexit.o)
                0x080016b8                __register_exitproc
 *(.glue_7)
 .glue_7        0x08001778        0x0 linker stubs
 *(.glue_7t)
 .glue_7t       0x08001778        0x0 linker stubs
 *(.eh_frame)
 .eh_frame      0x08001778        0x0 d:/program files/ac6/plugins/fr.ac6.mcu.externaltools.arm-none.win32_1.16.0.201807130628/tools/compiler/bin/../lib/gcc/arm-none-eabi/7.2.1/thumb/v7e-m/fpv4-sp/hard/crtbegin.o
 *(.init)
 .init          0x08001778        0x4 d:/program files/ac6/plugins/fr.ac6.mcu.externaltools.arm-none.win32_1.16.0.201807130628/tools/compiler/bin/../lib/gcc/arm-none-eabi/7.2.1/thumb/v7e-m/fpv4-sp/hard/crti.o
                0x08001778                _init
 .init          0x0800177c        0x8 d:/program files/ac6/plugins/fr.ac6.mcu.externaltools.arm-none.win32_1.16.0.201807130628/tools/compiler/bin/../lib/gcc/arm-none-eabi/7.2.1/thumb/v7e-m/fpv4-sp/hard/crtn.o
 *(.fini)
 .fini          0x08001784        0x4 d:/program files/ac6/plugins/fr.ac6.mcu.externaltools.arm-none.win32_1.16.0.201807130628/tools/compiler/bin/../lib/gcc/arm-none-eabi/7.2.1/thumb/v7e-m/fpv4-sp/hard/crti.o
                0x08001784                _fini
 .fini          0x08001788        0x8 d:/program files/ac6/plugins/fr.ac6.mcu.externaltools.arm-none.win32_1.16.0.201807130628/tools/compiler/bin/../lib/gcc/arm-none-eabi/7.2.1/thumb/v7e-m/fpv4-sp/hard/crtn.o
                0x08001790                . = ALIGN (0x4)
                0x08001790                _etext = .

.vfp11_veneer   0x08001790        0x0
 .vfp11_veneer  0x08001790        0x0 linker stubs

.v4_bx          0x08001790        0x0
 .v4_bx         0x08001790        0x0 linker stubs

.iplt           0x08001790        0x0
 .iplt          0x08001790        0x0 d:/program files/ac6/plugins/fr.ac6.mcu.externaltools.arm-none.win32_1.16.0.201807130628/tools/compiler/bin/../lib/gcc/arm-none-eabi/7.2.1/thumb/v7e-m/fpv4-sp/hard/crtbegin.o

.rodata         0x08001790        0x4
                0x08001790                . = ALIGN (0x4)
 *(.rodata)
 *(.rodata*)
 .rodata._global_impure_ptr
                0x08001790        0x4 d:/program files/ac6/plugins/fr.ac6.mcu.externaltools.arm-none.win32_1.16.0.201807130628/tools/compiler/bin/../lib/gcc/arm-none-eabi/7.2.1/../../../../arm-none-eabi/lib/thumb/v7e-m/fpv4-sp/hard\libc.a(lib_a-impure.o)
                0x08001790                _global_impure_ptr
                0x08001794                . = ALIGN (0x4)

.rel.dyn        0x08001794        0x0
 .rel.iplt      0x08001794        0x0 d:/program files/ac6/plugins/fr.ac6.mcu.externaltools.arm-none.win32_1.16.0.201807130628/tools/compiler/bin/../lib/gcc/arm-none-eabi/7.2.1/thumb/v7e-m/fpv4-sp/hard/crtbegin.o

.ARM.extab      0x08001794        0x0
                0x08001794                . = ALIGN (0x4)
 *(.ARM.extab* .gnu.linkonce.armextab.*)
                0x08001794                . = ALIGN (0x4)

.ARM            0x08001794        0x0
                0x08001794                . = ALIGN (0x4)
                0x08001794                __exidx_start = .
 *(.ARM.exidx*)
                0x08001794                __exidx_end = .
                0x08001794                . = ALIGN (0x4)

.preinit_array  0x08001794        0x0
                0x08001794                . = ALIGN (0x4)
                0x08001794                PROVIDE (__preinit_array_start, .)
 *(.preinit_array*)
                0x08001794                PROVIDE (__preinit_array_end, .)
                0x08001794                . = ALIGN (0x4)

.init_array     0x08001794        0x8
                0x08001794                . = ALIGN (0x4)
                0x08001794                PROVIDE (__init_array_start, .)
 *(SORT_BY_NAME(.init_array.*))
 .init_array.00000
                0x08001794        0x4 d:/program files/ac6/plugins/fr.ac6.mcu.externaltools.arm-none.win32_1.16.0.201807130628/tools/compiler/bin/../lib/gcc/arm-none-eabi/7.2.1/../../../../arm-none-eabi/lib/thumb/v7e-m/fpv4-sp/hard\libc.a(lib_a-__call_atexit.o)
 *(.init_array*)
 .init_array    0x08001798        0x4 d:/program files/ac6/plugins/fr.ac6.mcu.externaltools.arm-none.win32_1.16.0.201807130628/tools/compiler/bin/../lib/gcc/arm-none-eabi/7.2.1/thumb/v7e-m/fpv4-sp/hard/crtbegin.o
                0x0800179c                PROVIDE (__init_array_end, .)
                0x0800179c                . = ALIGN (0x4)

.fini_array     0x0800179c        0x4
                0x0800179c                . = ALIGN (0x4)
                0x0800179c                PROVIDE (__fini_array_start, .)
 *(SORT_BY_NAME(.fini_array.*))
 *(.fini_array*)
 .fini_array    0x0800179c        0x4 d:/program files/ac6/plugins/fr.ac6.mcu.externaltools.arm-none.win32_1.16.0.201807130628/tools/compiler/bin/../lib/gcc/arm-none-eabi/7.2.1/thumb/v7e-m/fpv4-sp/hard/crtbegin.o
                0x080017a0                PROVIDE (__fini_array_end, .)
                0x080017a0                . = ALIGN (0x4)
                0x080017a0                _sidata = LOADADDR (.data)

.data           0x20000000      0x43c load address 0x080017a0
                0x20000000                . = ALIGN (0x4)
                0x20000000                _sdata = .
 *(.data)
 .data          0x20000000       0x10 StdPeriph_Driver/src/stm32f4xx_rcc.o
 *(.data*)
 .data.impure_data
                0x20000010      0x428 d:/program files/ac6/plugins/fr.ac6.mcu.externaltools.arm-none.win32_1.16.0.201807130628/tools/compiler/bin/../lib/gcc/arm-none-eabi/7.2.1/../../../../arm-none-eabi/lib/thumb/v7e-m/fpv4-sp/hard\libc.a(lib_a-impure.o)
 .data.__atexit_recursive_mutex
                0x20000438        0x4 d:/program files/ac6/plugins/fr.ac6.mcu.externaltools.arm-none.win32_1.16.0.201807130628/tools/compiler/bin/../lib/gcc/arm-none-eabi/7.2.1/../../../../arm-none-eabi/lib/thumb/v7e-m/fpv4-sp/hard\libc.a(lib_a-__call_atexit.o)
                0x20000438                __atexit_recursive_mutex
                0x2000043c                . = ALIGN (0x4)
                0x2000043c                _edata = .

.igot.plt       0x2000043c        0x0 load address 0x08001bdc
 .igot.plt      0x2000043c        0x0 d:/program files/ac6/plugins/fr.ac6.mcu.externaltools.arm-none.win32_1.16.0.201807130628/tools/compiler/bin/../lib/gcc/arm-none-eabi/7.2.1/thumb/v7e-m/fpv4-sp/hard/crtbegin.o
                0x2000043c                . = ALIGN (0x4)

.bss            0x2000043c       0x44 load address 0x08001bdc
                0x2000043c                _sbss = .
                0x2000043c                __bss_start__ = _sbss
 *(.bss)
 .bss           0x2000043c       0x1c d:/program files/ac6/plugins/fr.ac6.mcu.externaltools.arm-none.win32_1.16.0.201807130628/tools/compiler/bin/../lib/gcc/arm-none-eabi/7.2.1/thumb/v7e-m/fpv4-sp/hard/crtbegin.o
 .bss           0x20000458        0x4 src/main.o
 *(.bss*)
 *(COMMON)
 COMMON         0x2000045c       0x21 d:/program files/ac6/plugins/fr.ac6.mcu.externaltools.arm-none.win32_1.16.0.201807130628/tools/compiler/bin/../lib/gcc/arm-none-eabi/7.2.1/../../../../arm-none-eabi/lib/thumb/v7e-m/fpv4-sp/hard\libc.a(lib_a-lock.o)
                0x2000045c                __lock___atexit_recursive_mutex
                0x20000460                __lock___arc4random_mutex
                0x20000464                __lock___env_recursive_mutex
                0x20000468                __lock___sinit_recursive_mutex
                0x2000046c                __lock___malloc_recursive_mutex
                0x20000470                __lock___at_quick_exit_mutex
                0x20000474                __lock___dd_hash_mutex
                0x20000478                __lock___tz_mutex
                0x2000047c                __lock___sfp_recursive_mutex
                0x20000480                . = ALIGN (0x4)
 *fill*         0x2000047d        0x3 
                0x20000480                _ebss = .
                0x20000480                __bss_end__ = _ebss

._user_heap_stack
                0x20000480      0x400 load address 0x08001bdc
                0x20000480                . = ALIGN (0x8)
                0x20000480                PROVIDE (end, .)
                [!provide]                PROVIDE (_end, .)
                0x20000480                . = (. + _Min_Heap_Size)
                0x20000880                . = (. + _Min_Stack_Size)
 *fill*         0x20000480      0x400 
                0x20000880                . = ALIGN (0x8)

/DISCARD/
 libc.a(*)
 libm.a(*)
 libgcc.a(*)

.ARM.attributes
                0x00000000       0x30
 *(.ARM.attributes)
 .ARM.attributes
                0x00000000       0x22 d:/program files/ac6/plugins/fr.ac6.mcu.externaltools.arm-none.win32_1.16.0.201807130628/tools/compiler/bin/../lib/gcc/arm-none-eabi/7.2.1/thumb/v7e-m/fpv4-sp/hard/crti.o
 .ARM.attributes
                0x00000022       0x34 d:/program files/ac6/plugins/fr.ac6.mcu.externaltools.arm-none.win32_1.16.0.201807130628/tools/compiler/bin/../lib/gcc/arm-none-eabi/7.2.1/thumb/v7e-m/fpv4-sp/hard/crtbegin.o
 .ARM.attributes
                0x00000056       0x39 StdPeriph_Driver/src/misc.o
 .ARM.attributes
                0x0000008f       0x39 StdPeriph_Driver/src/stm32f4xx_gpio.o
 .ARM.attributes
                0x000000c8       0x39 StdPeriph_Driver/src/stm32f4xx_rcc.o
 .ARM.attributes
                0x00000101       0x39 StdPeriph_Driver/src/stm32f4xx_tim.o
 .ARM.attributes
                0x0000013a       0x39 StdPeriph_Driver/src/stm32f4xx_usart.o
 .ARM.attributes
                0x00000173       0x39 src/data_transmission.o
 .ARM.attributes
                0x000001ac       0x39 src/main.o
 .ARM.attributes
                0x000001e5       0x39 src/system_stm32f4xx.o
 .ARM.attributes
                0x0000021e       0x25 startup/startup_stm32.o
 .ARM.attributes
                0x00000243       0x34 d:/program files/ac6/plugins/fr.ac6.mcu.externaltools.arm-none.win32_1.16.0.201807130628/tools/compiler/bin/../lib/gcc/arm-none-eabi/7.2.1/../../../../arm-none-eabi/lib/thumb/v7e-m/fpv4-sp/hard\libc.a(lib_a-impure.o)
 .ARM.attributes
                0x00000277       0x34 d:/program files/ac6/plugins/fr.ac6.mcu.externaltools.arm-none.win32_1.16.0.201807130628/tools/compiler/bin/../lib/gcc/arm-none-eabi/7.2.1/../../../../arm-none-eabi/lib/thumb/v7e-m/fpv4-sp/hard\libc.a(lib_a-init.o)
 .ARM.attributes
                0x000002ab       0x34 d:/program files/ac6/plugins/fr.ac6.mcu.externaltools.arm-none.win32_1.16.0.201807130628/tools/compiler/bin/../lib/gcc/arm-none-eabi/7.2.1/../../../../arm-none-eabi/lib/thumb/v7e-m/fpv4-sp/hard\libc.a(lib_a-__call_atexit.o)
 .ARM.attributes
                0x000002df       0x34 d:/program files/ac6/plugins/fr.ac6.mcu.externaltools.arm-none.win32_1.16.0.201807130628/tools/compiler/bin/../lib/gcc/arm-none-eabi/7.2.1/../../../../arm-none-eabi/lib/thumb/v7e-m/fpv4-sp/hard\libc.a(lib_a-atexit.o)
 .ARM.attributes
                0x00000313       0x34 d:/program files/ac6/plugins/fr.ac6.mcu.externaltools.arm-none.win32_1.16.0.201807130628/tools/compiler/bin/../lib/gcc/arm-none-eabi/7.2.1/../../../../arm-none-eabi/lib/thumb/v7e-m/fpv4-sp/hard\libc.a(lib_a-fini.o)
 .ARM.attributes
                0x00000347       0x34 d:/program files/ac6/plugins/fr.ac6.mcu.externaltools.arm-none.win32_1.16.0.201807130628/tools/compiler/bin/../lib/gcc/arm-none-eabi/7.2.1/../../../../arm-none-eabi/lib/thumb/v7e-m/fpv4-sp/hard\libc.a(lib_a-lock.o)
 .ARM.attributes
                0x0000037b       0x34 d:/program files/ac6/plugins/fr.ac6.mcu.externaltools.arm-none.win32_1.16.0.201807130628/tools/compiler/bin/../lib/gcc/arm-none-eabi/7.2.1/../../../../arm-none-eabi/lib/thumb/v7e-m/fpv4-sp/hard\libc.a(lib_a-__atexit.o)
 .ARM.attributes
                0x000003af       0x22 d:/program files/ac6/plugins/fr.ac6.mcu.externaltools.arm-none.win32_1.16.0.201807130628/tools/compiler/bin/../lib/gcc/arm-none-eabi/7.2.1/thumb/v7e-m/fpv4-sp/hard/crtn.o
OUTPUT(RogerRoger_STM32.elf elf32-littlearm)

.debug_info     0x00000000     0x63de
 .debug_info    0x00000000      0x54b StdPeriph_Driver/src/misc.o
 .debug_info    0x0000054b      0x62b StdPeriph_Driver/src/stm32f4xx_gpio.o
 .debug_info    0x00000b76      0xd6d StdPeriph_Driver/src/stm32f4xx_rcc.o
 .debug_info    0x000018e3     0x1c73 StdPeriph_Driver/src/stm32f4xx_tim.o
 .debug_info    0x00003556      0x9d4 StdPeriph_Driver/src/stm32f4xx_usart.o
 .debug_info    0x00003f2a      0xb5d src/data_transmission.o
 .debug_info    0x00004a87     0x1377 src/main.o
 .debug_info    0x00005dfe      0x5be src/system_stm32f4xx.o
 .debug_info    0x000063bc       0x22 startup/startup_stm32.o

.debug_abbrev   0x00000000      0xe34
 .debug_abbrev  0x00000000      0x177 StdPeriph_Driver/src/misc.o
 .debug_abbrev  0x00000177      0x1bf StdPeriph_Driver/src/stm32f4xx_gpio.o
 .debug_abbrev  0x00000336      0x1d4 StdPeriph_Driver/src/stm32f4xx_rcc.o
 .debug_abbrev  0x0000050a      0x19f StdPeriph_Driver/src/stm32f4xx_tim.o
 .debug_abbrev  0x000006a9      0x187 StdPeriph_Driver/src/stm32f4xx_usart.o
 .debug_abbrev  0x00000830      0x24f src/data_transmission.o
 .debug_abbrev  0x00000a7f      0x26b src/main.o
 .debug_abbrev  0x00000cea      0x138 src/system_stm32f4xx.o
 .debug_abbrev  0x00000e22       0x12 startup/startup_stm32.o

.debug_aranges  0x00000000      0x730
 .debug_aranges
                0x00000000       0x40 StdPeriph_Driver/src/misc.o
 .debug_aranges
                0x00000040       0x88 StdPeriph_Driver/src/stm32f4xx_gpio.o
 .debug_aranges
                0x000000c8      0x198 StdPeriph_Driver/src/stm32f4xx_rcc.o
 .debug_aranges
                0x00000260      0x2f8 StdPeriph_Driver/src/stm32f4xx_tim.o
 .debug_aranges
                0x00000558      0x100 StdPeriph_Driver/src/stm32f4xx_usart.o
 .debug_aranges
                0x00000658       0x38 src/data_transmission.o
 .debug_aranges
                0x00000690       0x48 src/main.o
 .debug_aranges
                0x000006d8       0x30 src/system_stm32f4xx.o
 .debug_aranges
                0x00000708       0x28 startup/startup_stm32.o

.debug_ranges   0x00000000      0x6a8
 .debug_ranges  0x00000000       0x30 StdPeriph_Driver/src/misc.o
 .debug_ranges  0x00000030       0x78 StdPeriph_Driver/src/stm32f4xx_gpio.o
 .debug_ranges  0x000000a8      0x188 StdPeriph_Driver/src/stm32f4xx_rcc.o
 .debug_ranges  0x00000230      0x2e8 StdPeriph_Driver/src/stm32f4xx_tim.o
 .debug_ranges  0x00000518       0xf0 StdPeriph_Driver/src/stm32f4xx_usart.o
 .debug_ranges  0x00000608       0x28 src/data_transmission.o
 .debug_ranges  0x00000630       0x38 src/main.o
 .debug_ranges  0x00000668       0x20 src/system_stm32f4xx.o
 .debug_ranges  0x00000688       0x20 startup/startup_stm32.o

.debug_macro    0x00000000     0xf66c
 .debug_macro   0x00000000      0x191 StdPeriph_Driver/src/misc.o
 .debug_macro   0x00000191      0xa72 StdPeriph_Driver/src/misc.o
 .debug_macro   0x00000c03       0x65 StdPeriph_Driver/src/misc.o
 .debug_macro   0x00000c68       0x3b StdPeriph_Driver/src/misc.o
 .debug_macro   0x00000ca3       0x22 StdPeriph_Driver/src/misc.o
 .debug_macro   0x00000cc5       0x87 StdPeriph_Driver/src/misc.o
 .debug_macro   0x00000d4c       0x51 StdPeriph_Driver/src/misc.o
 .debug_macro   0x00000d9d       0xef StdPeriph_Driver/src/misc.o
 .debug_macro   0x00000e8c       0x6a StdPeriph_Driver/src/misc.o
 .debug_macro   0x00000ef6      0x1df StdPeriph_Driver/src/misc.o
 .debug_macro   0x000010d5       0x34 StdPeriph_Driver/src/misc.o
 .debug_macro   0x00001109       0x26 StdPeriph_Driver/src/misc.o
 .debug_macro   0x0000112f      0xe43 StdPeriph_Driver/src/misc.o
 .debug_macro   0x00001f72     0x7fd9 StdPeriph_Driver/src/misc.o
 .debug_macro   0x00009f4b      0x44f StdPeriph_Driver/src/misc.o
 .debug_macro   0x0000a39a       0xb2 StdPeriph_Driver/src/misc.o
 .debug_macro   0x0000a44c      0x477 StdPeriph_Driver/src/misc.o
 .debug_macro   0x0000a8c3       0xb5 StdPeriph_Driver/src/misc.o
 .debug_macro   0x0000a978      0x41c StdPeriph_Driver/src/misc.o
 .debug_macro   0x0000ad94      0x2f4 StdPeriph_Driver/src/misc.o
 .debug_macro   0x0000b088      0x2ba StdPeriph_Driver/src/misc.o
 .debug_macro   0x0000b342       0x64 StdPeriph_Driver/src/misc.o
 .debug_macro   0x0000b3a6       0xee StdPeriph_Driver/src/misc.o
 .debug_macro   0x0000b494      0x64a StdPeriph_Driver/src/misc.o
 .debug_macro   0x0000bade      0x59e StdPeriph_Driver/src/misc.o
 .debug_macro   0x0000c07c      0x342 StdPeriph_Driver/src/misc.o
 .debug_macro   0x0000c3be      0x36c StdPeriph_Driver/src/misc.o
 .debug_macro   0x0000c72a      0x10d StdPeriph_Driver/src/misc.o
 .debug_macro   0x0000c837      0x73b StdPeriph_Driver/src/misc.o
 .debug_macro   0x0000cf72      0x223 StdPeriph_Driver/src/misc.o
 .debug_macro   0x0000d195       0x34 StdPeriph_Driver/src/misc.o
 .debug_macro   0x0000d1c9       0x10 StdPeriph_Driver/src/misc.o
 .debug_macro   0x0000d1d9       0x35 StdPeriph_Driver/src/misc.o
 .debug_macro   0x0000d20e       0x7c StdPeriph_Driver/src/misc.o
 .debug_macro   0x0000d28a      0x18f StdPeriph_Driver/src/stm32f4xx_gpio.o
 .debug_macro   0x0000d419      0x2ee StdPeriph_Driver/src/stm32f4xx_gpio.o
 .debug_macro   0x0000d707      0x25e StdPeriph_Driver/src/stm32f4xx_rcc.o
 .debug_macro   0x0000d965      0x1b9 StdPeriph_Driver/src/stm32f4xx_tim.o
 .debug_macro   0x0000db1e      0x735 StdPeriph_Driver/src/stm32f4xx_tim.o
 .debug_macro   0x0000e253      0x1a7 StdPeriph_Driver/src/stm32f4xx_usart.o
 .debug_macro   0x0000e3fa      0x21d StdPeriph_Driver/src/stm32f4xx_usart.o
 .debug_macro   0x0000e617      0x259 src/data_transmission.o
 .debug_macro   0x0000e870       0x17 src/data_transmission.o
 .debug_macro   0x0000e887       0x52 src/data_transmission.o
 .debug_macro   0x0000e8d9       0x8d src/data_transmission.o
 .debug_macro   0x0000e966       0x35 src/data_transmission.o
 .debug_macro   0x0000e99b       0x9c src/data_transmission.o
 .debug_macro   0x0000ea37       0x16 src/data_transmission.o
 .debug_macro   0x0000ea4d      0x10e src/data_transmission.o
 .debug_macro   0x0000eb5b       0x8d src/data_transmission.o
 .debug_macro   0x0000ebe8       0x57 src/data_transmission.o
 .debug_macro   0x0000ec3f       0x58 src/data_transmission.o
 .debug_macro   0x0000ec97       0x1f src/data_transmission.o
 .debug_macro   0x0000ecb6       0x43 src/data_transmission.o
 .debug_macro   0x0000ecf9       0x20 src/data_transmission.o
 .debug_macro   0x0000ed19      0x18e src/data_transmission.o
 .debug_macro   0x0000eea7      0x330 src/data_transmission.o
 .debug_macro   0x0000f1d7       0x16 src/data_transmission.o
 .debug_macro   0x0000f1ed       0x29 src/data_transmission.o
 .debug_macro   0x0000f216      0x259 src/main.o
 .debug_macro   0x0000f46f       0x58 src/main.o
 .debug_macro   0x0000f4c7      0x1a5 src/system_stm32f4xx.o

.debug_line     0x00000000     0x3f7f
 .debug_line    0x00000000      0x5b2 StdPeriph_Driver/src/misc.o
 .debug_line    0x000005b2      0x6d8 StdPeriph_Driver/src/stm32f4xx_gpio.o
 .debug_line    0x00000c8a      0x962 StdPeriph_Driver/src/stm32f4xx_rcc.o
 .debug_line    0x000015ec      0xe2a StdPeriph_Driver/src/stm32f4xx_tim.o
 .debug_line    0x00002416      0x81e StdPeriph_Driver/src/stm32f4xx_usart.o
 .debug_line    0x00002c34      0x665 src/data_transmission.o
 .debug_line    0x00003299      0x6c4 src/main.o
 .debug_line    0x0000395d      0x5a9 src/system_stm32f4xx.o
 .debug_line    0x00003f06       0x79 startup/startup_stm32.o

.debug_str      0x00000000    0x58854
 .debug_str     0x00000000    0x5302d StdPeriph_Driver/src/misc.o
                              0x531cf (size before relaxing)
 .debug_str     0x0005302d      0x2cb StdPeriph_Driver/src/stm32f4xx_gpio.o
                              0x53277 (size before relaxing)
 .debug_str     0x000532f8      0xcbe StdPeriph_Driver/src/stm32f4xx_rcc.o
                              0x53cd6 (size before relaxing)
 .debug_str     0x00053fb6      0xc2f StdPeriph_Driver/src/stm32f4xx_tim.o
                              0x53c6e (size before relaxing)
 .debug_str     0x00054be5      0x53a StdPeriph_Driver/src/stm32f4xx_usart.o
                              0x5358a (size before relaxing)
 .debug_str     0x0005511f     0x3085 src/data_transmission.o
                              0x56135 (size before relaxing)
 .debug_str     0x000581a4      0x5d8 src/main.o
                              0x56aa2 (size before relaxing)
 .debug_str     0x0005877c       0xae src/system_stm32f4xx.o
                              0x53197 (size before relaxing)
 .debug_str     0x0005882a       0x2a startup/startup_stm32.o
                                 0x4b (size before relaxing)

.comment        0x00000000       0x7e
 .comment       0x00000000       0x7e StdPeriph_Driver/src/misc.o
                                 0x7f (size before relaxing)
 .comment       0x0000007e       0x7f StdPeriph_Driver/src/stm32f4xx_gpio.o
 .comment       0x0000007e       0x7f StdPeriph_Driver/src/stm32f4xx_rcc.o
 .comment       0x0000007e       0x7f StdPeriph_Driver/src/stm32f4xx_tim.o
 .comment       0x0000007e       0x7f StdPeriph_Driver/src/stm32f4xx_usart.o
 .comment       0x0000007e       0x7f src/data_transmission.o
 .comment       0x0000007e       0x7f src/main.o
 .comment       0x0000007e       0x7f src/system_stm32f4xx.o

.debug_frame    0x00000000     0x2118
 .debug_frame   0x00000000       0xd8 StdPeriph_Driver/src/misc.o
 .debug_frame   0x000000d8      0x23c StdPeriph_Driver/src/stm32f4xx_gpio.o
 .debug_frame   0x00000314      0x774 StdPeriph_Driver/src/stm32f4xx_rcc.o
 .debug_frame   0x00000a88      0xe54 StdPeriph_Driver/src/stm32f4xx_tim.o
 .debug_frame   0x000018dc      0x490 StdPeriph_Driver/src/stm32f4xx_usart.o
 .debug_frame   0x00001d6c       0xa0 src/data_transmission.o
 .debug_frame   0x00001e0c       0xd8 src/main.o
 .debug_frame   0x00001ee4       0x74 src/system_stm32f4xx.o
 .debug_frame   0x00001f58       0x2c d:/program files/ac6/plugins/fr.ac6.mcu.externaltools.arm-none.win32_1.16.0.201807130628/tools/compiler/bin/../lib/gcc/arm-none-eabi/7.2.1/../../../../arm-none-eabi/lib/thumb/v7e-m/fpv4-sp/hard\libc.a(lib_a-init.o)
 .debug_frame   0x00001f84       0x5c d:/program files/ac6/plugins/fr.ac6.mcu.externaltools.arm-none.win32_1.16.0.201807130628/tools/compiler/bin/../lib/gcc/arm-none-eabi/7.2.1/../../../../arm-none-eabi/lib/thumb/v7e-m/fpv4-sp/hard\libc.a(lib_a-__call_atexit.o)
 .debug_frame   0x00001fe0       0x20 d:/program files/ac6/plugins/fr.ac6.mcu.externaltools.arm-none.win32_1.16.0.201807130628/tools/compiler/bin/../lib/gcc/arm-none-eabi/7.2.1/../../../../arm-none-eabi/lib/thumb/v7e-m/fpv4-sp/hard\libc.a(lib_a-atexit.o)
 .debug_frame   0x00002000       0x34 d:/program files/ac6/plugins/fr.ac6.mcu.externaltools.arm-none.win32_1.16.0.201807130628/tools/compiler/bin/../lib/gcc/arm-none-eabi/7.2.1/../../../../arm-none-eabi/lib/thumb/v7e-m/fpv4-sp/hard\libc.a(lib_a-fini.o)
 .debug_frame   0x00002034       0xb0 d:/program files/ac6/plugins/fr.ac6.mcu.externaltools.arm-none.win32_1.16.0.201807130628/tools/compiler/bin/../lib/gcc/arm-none-eabi/7.2.1/../../../../arm-none-eabi/lib/thumb/v7e-m/fpv4-sp/hard\libc.a(lib_a-lock.o)
 .debug_frame   0x000020e4       0x34 d:/program files/ac6/plugins/fr.ac6.mcu.externaltools.arm-none.win32_1.16.0.201807130628/tools/compiler/bin/../lib/gcc/arm-none-eabi/7.2.1/../../../../arm-none-eabi/lib/thumb/v7e-m/fpv4-sp/hard\libc.a(lib_a-__atexit.o)
